ERROR: line 2: constructor for main class "A" must have no parameters
