ERROR: line 2: main class "A" must have a parameterless constructor
