ERROR: line 12: cannot assign "array[8..13] of integer" to "array[0..4] of integer"
