ERROR: line 11: Undeclared varable: undeclaredVariable
