ERROR: line 9: class "BB" attempted to extend class "AAAA" which does not exist
