ERROR: line 30: class "BB" is not a base class of "AA" in the assignment
