ERROR: line 20: cannot assign "integer" to "boolean"
