ERROR: line 12: variable "row" already declared at line 6
