ERROR: line 13: array index not an integer for variable "rows"
