ERROR: line 14: class "testThisVariableNotDeclared" has no attribute "someVar"
ERROR: line 16: class "testThisVariableNotDeclared" has no attribute "someVar"
ERROR: line 18: class "testThisVariableNotDeclared" has no attribute "someVar"
