ERROR: line 13: cannot assign "integer" to "boolean"
