ERROR: line 14: array index not an integer for variable "rows"
