ERROR: line 18: function "setCompilerWorks" already declared at line 13
