ERROR: line 3: main class "testClassPreUseInvalid" must have a parameterless constructor
ERROR: line 8: class "classBB" is not defined
